Archive member included to satisfy reference by file (symbol)

hw_include/libdriver.a(gpio_dirmodeset_.o)
                              gcc/main.o (GPIODirModeSet)
hw_include/libdriver.a(gpio_pintypei2c_.o)
                              gcc/osram96x16.o (GPIOPinTypeI2C)
hw_include/libdriver.a(i2c_mastercontrol_.o)
                              gcc/osram96x16.o (I2CMasterControl)
hw_include/libdriver.a(i2c_masterdataput_.o)
                              gcc/osram96x16.o (I2CMasterDataPut)
hw_include/libdriver.a(i2c_masterinit_.o)
                              gcc/osram96x16.o (I2CMasterInit)
hw_include/libdriver.a(i2c_masterintstatus_.o)
                              gcc/osram96x16.o (I2CMasterIntStatus)
hw_include/libdriver.a(i2c_masterslaveaddrset_.o)
                              gcc/osram96x16.o (I2CMasterSlaveAddrSet)
hw_include/libdriver.a(interrupt_enable_.o)
                              gcc/main.o (IntEnable)
hw_include/libdriver.a(sysctl_clockget_.o)
                              gcc/main.o (SysCtlClockGet)
hw_include/libdriver.a(sysctl_clockset_.o)
                              gcc/main.o (SysCtlClockSet)
hw_include/libdriver.a(sysctl_peripheralenable_.o)
                              gcc/main.o (SysCtlPeripheralEnable)
hw_include/libdriver.a(sysctl_pulrcgcregs_.o)
                              hw_include/libdriver.a(sysctl_peripheralenable_.o) (g_pulRCGCRegs)
hw_include/libdriver.a(sysctl_pulxtals_.o)
                              hw_include/libdriver.a(sysctl_clockget_.o) (g_pulXtals)
hw_include/libdriver.a(timer_configure_.o)
                              gcc/main.o (TimerConfigure)
hw_include/libdriver.a(timer_enable_.o)
                              gcc/main.o (TimerEnable)
hw_include/libdriver.a(timer_intclear_.o)
                              gcc/main.o (TimerIntClear)
hw_include/libdriver.a(timer_intenable_.o)
                              gcc/main.o (TimerIntEnable)
hw_include/libdriver.a(timer_intregister_.o)
                              gcc/main.o (TimerIntRegister)
hw_include/libdriver.a(timer_loadset_.o)
                              gcc/main.o (TimerLoadSet)
hw_include/libdriver.a(uart_charget_.o)
                              gcc/main.o (UARTCharGet)
hw_include/libdriver.a(uart_charput_.o)
                              gcc/main.o (UARTCharPut)
hw_include/libdriver.a(uart_configset_.o)
                              gcc/main.o (UARTConfigSet)
hw_include/libdriver.a(uart_disable_.o)
                              hw_include/libdriver.a(uart_configset_.o) (UARTDisable)
hw_include/libdriver.a(uart_enable_.o)
                              hw_include/libdriver.a(uart_configset_.o) (UARTEnable)
hw_include/libdriver.a(uart_intclear_.o)
                              gcc/main.o (UARTIntClear)
hw_include/libdriver.a(uart_intenable_.o)
                              gcc/main.o (UARTIntEnable)
hw_include/libdriver.a(uart_intregister_.o)
                              gcc/main.o (UARTIntRegister)
hw_include/libdriver.a(uart_intstatus_.o)
                              gcc/main.o (UARTIntStatus)
hw_include/libdriver.a(gpio_padconfigset_.o)
                              hw_include/libdriver.a(gpio_pintypei2c_.o) (GPIOPadConfigSet)
hw_include/libdriver.a(i2c_masterenable_.o)
                              hw_include/libdriver.a(i2c_masterinit_.o) (I2CMasterEnable)
hw_include/libdriver.a(interrupt_register_.o)
                              hw_include/libdriver.a(timer_intregister_.o) (IntRegister)
hw_include/libdriver.a(interrupt_vtable_.o)
                              hw_include/libdriver.a(interrupt_register_.o) (g_pfnRAMVectors)
/usr/lib/gcc/arm-none-eabi/10.3.1/../../../arm-none-eabi/lib/thumb/nofp/libc.a(lib_a-memcpy-stub.o)
                              gcc/startup.o (memcpy)
/usr/lib/gcc/arm-none-eabi/10.3.1/../../../arm-none-eabi/lib/thumb/nofp/libc.a(lib_a-memmove.o)
                              gcc/main.o (memmove)
/usr/lib/gcc/arm-none-eabi/10.3.1/../../../arm-none-eabi/lib/thumb/nofp/libc.a(lib_a-memset.o)
                              gcc/main.o (memset)

Memory Configuration

Name             Origin             Length             Attributes
FLASH            0x0000000000000000 0x0000000000010000 xr
SRAM             0x0000000020000000 0x0000000000002000 xrw
*default*        0x0000000000000000 0xffffffffffffffff

Linker script and memory map


.text           0x0000000000000000     0x4044
 *(.isr_vector)
 .isr_vector    0x0000000000000000       0xb8 gcc/startup.o
                0x0000000000000000                g_pfnVectors
 *(.text*)
 .text          0x00000000000000b8       0x40 gcc/startup.o
                0x00000000000000c4                ResetISR
 .text          0x00000000000000f8      0x910 gcc/main.o
                0x0000000000000198                vUART_ISR
                0x0000000000000200                Timer0IntHandler
                0x000000000000077c                UARTBusy
                0x0000000000000784                my_strlen
                0x000000000000079c                my_itoa
                0x00000000000007ac                intToGraph
                0x0000000000000854                padString
                0x00000000000008a4                simple_rand
                0x0000000000000934                UARTSend
                0x000000000000095c                UARTSendString
                0x0000000000000984                getTaskStateString
                0x000000000000099c                configureTimerForRunTimeStats
                0x00000000000009fc                getRunTimeCounterValue
 .text.startup  0x0000000000000a08      0x124 gcc/main.o
                0x0000000000000a08                main
 .text          0x0000000000000b2c       0x90 gcc/list.o
                0x0000000000000b2c                vListInitialise
                0x0000000000000b44                vListInitialiseItem
                0x0000000000000b4c                vListInsertEnd
                0x0000000000000b68                vListInsert
                0x0000000000000b98                uxListRemove
 .text          0x0000000000000bbc      0x860 gcc/queue.o
                0x0000000000000ca8                xQueueGenericReset
                0x0000000000000d2c                xQueueGenericCreate
                0x0000000000000d78                xQueueGenericSend
                0x0000000000000e8c                xQueueGenericSendFromISR
                0x0000000000000f0c                xQueueGiveFromISR
                0x0000000000000f88                xQueueReceive
                0x00000000000010b0                xQueueSemaphoreTake
                0x00000000000011c0                xQueuePeek
                0x00000000000012e0                xQueueReceiveFromISR
                0x0000000000001374                xQueuePeekFromISR
                0x00000000000013bc                uxQueueMessagesWaiting
                0x00000000000013d0                uxQueueSpacesAvailable
                0x00000000000013e8                uxQueueMessagesWaitingFromISR
                0x00000000000013ec                vQueueDelete
                0x00000000000013f0                uxQueueGetQueueNumber
                0x00000000000013f4                vQueueSetQueueNumber
                0x00000000000013f8                ucQueueGetQueueType
                0x0000000000001400                xQueueIsQueueEmptyFromISR
                0x000000000000140c                xQueueIsQueueFullFromISR
 .text          0x000000000000141c     0x1238 gcc/tasks.o
                0x0000000000001654                xTaskCreate
                0x00000000000017fc                vTaskDelete
                0x00000000000018c0                eTaskGetState
                0x0000000000001904                vTaskStartScheduler
                0x000000000000196c                vTaskEndScheduler
                0x000000000000198c                vTaskSuspendAll
                0x00000000000019a0                xTaskResumeAll
                0x0000000000001ae8                xTaskDelayUntil
                0x0000000000001b40                vTaskDelay
                0x0000000000001b78                xTaskGetTickCount
                0x0000000000001b84                xTaskGetTickCountFromISR
                0x0000000000001b90                uxTaskGetNumberOfTasks
                0x0000000000001b9c                pcTaskGetName
                0x0000000000001bb0                xTaskGetHandle
                0x0000000000001c34                xTaskCatchUpTicks
                0x0000000000001c64                xTaskIncrementTick
                0x0000000000001c80                vTaskSwitchContext
                0x0000000000001d08                vTaskPlaceOnEventList
                0x0000000000001d24                vTaskPlaceOnUnorderedEventList
                0x0000000000001d70                xTaskRemoveFromEventList
                0x0000000000001e38                vTaskRemoveFromUnorderedEventList
                0x0000000000001ecc                vTaskSetTimeOutState
                0x0000000000001eec                vTaskInternalSetTimeOutState
                0x0000000000001efc                xTaskCheckForTimeOut
                0x0000000000001f4c                vTaskMissedYield
                0x0000000000001f5c                uxTaskGetTaskNumber
                0x0000000000001f64                vTaskSetTaskNumber
                0x0000000000001f6c                vTaskGetInfo
                0x0000000000002074                uxTaskGetSystemState
                0x0000000000002134                uxTaskGetStackHighWaterMark
                0x0000000000002168                xTaskGetCurrentTaskHandle
                0x0000000000002174                uxTaskResetEventItemValue
                0x000000000000218c                ulTaskGenericNotifyTake
                0x000000000000221c                xTaskGenericNotifyWait
                0x00000000000022c4                xTaskGenericNotify
                0x00000000000023c4                xTaskGenericNotifyFromISR
                0x0000000000002504                vTaskGenericNotifyGiveFromISR
                0x00000000000025f0                xTaskGenericNotifyStateClear
                0x0000000000002624                ulTaskGenericNotifyValueClear
 *fill*         0x0000000000002654        0xc 
 .text          0x0000000000002660      0x1ac gcc/port.o
                0x00000000000026a0                pxPortInitialiseStack
                0x00000000000026c4                vPortSVCHandler
                0x00000000000026f4                vPortEndScheduler
                0x00000000000026f8                vPortEnterCritical
                0x0000000000002718                vPortExitCritical
                0x000000000000272c                xPortPendSVHandler
                0x0000000000002774                xPortSysTickHandler
                0x00000000000027a0                vPortSetupTimerInterrupt
                0x00000000000027b8                xPortStartScheduler
 .text          0x000000000000280c       0x8c gcc/heap_1.o
                0x000000000000280c                pvPortMalloc
                0x0000000000002878                vPortFree
                0x000000000000287c                vPortInitialiseBlocks
                0x0000000000002888                xPortGetFreeHeapSize
 .text          0x0000000000002898      0x200 gcc/BlockQ.o
                0x0000000000002910                vStartBlockingQueueTasks
                0x0000000000002a4c                xAreBlockingQueuesStillRunning
 .text          0x0000000000002a98      0x128 gcc/PollQ.o
                0x0000000000002b50                vStartPolledQueueTasks
                0x0000000000002ba4                xArePollingQueuesStillRunning
 .text          0x0000000000002bc0       0x9c gcc/integer.o
                0x0000000000002c20                vStartIntegerMathTasks
                0x0000000000002c48                xAreIntegerMathsTaskStillRunning
 .text          0x0000000000002c5c      0x1d8 gcc/semtest.o
                0x0000000000002d2c                vStartSemaphoreTasks
                0x0000000000002e00                xAreSemaphoreTasksStillRunning
 .text          0x0000000000002e34      0x688 gcc/osram96x16.o
                0x0000000000002ec4                OSRAMClear
                0x0000000000002fcc                OSRAMStringDraw
                0x00000000000031b0                OSRAMImageDraw
                0x0000000000003300                OSRAMInit
                0x000000000000339c                OSRAMDisplayOn
                0x00000000000033fc                OSRAMDisplayOff
 .text          0x00000000000034bc       0x48 hw_include/libdriver.a(gpio_dirmodeset_.o)
                0x00000000000034bc                GPIODirModeSet
 .text          0x0000000000003504       0x20 hw_include/libdriver.a(gpio_pintypei2c_.o)
                0x0000000000003504                GPIOPinTypeI2C
 .text          0x0000000000003524        0x4 hw_include/libdriver.a(i2c_mastercontrol_.o)
                0x0000000000003524                I2CMasterControl
 .text          0x0000000000003528        0x4 hw_include/libdriver.a(i2c_masterdataput_.o)
                0x0000000000003528                I2CMasterDataPut
 .text          0x000000000000352c       0x34 hw_include/libdriver.a(i2c_masterinit_.o)
                0x000000000000352c                I2CMasterInit
 .text          0x0000000000003560       0x18 hw_include/libdriver.a(i2c_masterintstatus_.o)
                0x0000000000003560                I2CMasterIntStatus
 .text          0x0000000000003578        0x8 hw_include/libdriver.a(i2c_masterslaveaddrset_.o)
                0x0000000000003578                I2CMasterSlaveAddrSet
 .text          0x0000000000003580       0x5c hw_include/libdriver.a(interrupt_enable_.o)
                0x0000000000003580                IntEnable
 .text          0x00000000000035dc       0x90 hw_include/libdriver.a(sysctl_clockget_.o)
                0x00000000000035dc                SysCtlClockGet
 .text          0x000000000000366c       0xcc hw_include/libdriver.a(sysctl_clockset_.o)
                0x000000000000366c                SysCtlClockSet
 .text          0x0000000000003738       0x1c hw_include/libdriver.a(sysctl_peripheralenable_.o)
                0x0000000000003738                SysCtlPeripheralEnable
 .text          0x0000000000003754        0x0 hw_include/libdriver.a(sysctl_pulrcgcregs_.o)
 .text          0x0000000000003754        0x0 hw_include/libdriver.a(sysctl_pulxtals_.o)
 .text          0x0000000000003754       0x20 hw_include/libdriver.a(timer_configure_.o)
                0x0000000000003754                TimerConfigure
 .text          0x0000000000003774       0x10 hw_include/libdriver.a(timer_enable_.o)
                0x0000000000003774                TimerEnable
 .text          0x0000000000003784        0x4 hw_include/libdriver.a(timer_intclear_.o)
                0x0000000000003784                TimerIntClear
 .text          0x0000000000003788        0x8 hw_include/libdriver.a(timer_intenable_.o)
                0x0000000000003788                TimerIntEnable
 .text          0x0000000000003790       0x50 hw_include/libdriver.a(timer_intregister_.o)
                0x0000000000003790                TimerIntRegister
 .text          0x00000000000037e0       0x14 hw_include/libdriver.a(timer_loadset_.o)
                0x00000000000037e0                TimerLoadSet
 .text          0x00000000000037f4       0x10 hw_include/libdriver.a(uart_charget_.o)
                0x00000000000037f4                UARTCharGet
 .text          0x0000000000003804       0x10 hw_include/libdriver.a(uart_charput_.o)
                0x0000000000003804                UARTCharPut
 .text          0x0000000000003814       0x38 hw_include/libdriver.a(uart_configset_.o)
                0x0000000000003814                UARTConfigSet
 .text          0x000000000000384c       0x24 hw_include/libdriver.a(uart_disable_.o)
                0x000000000000384c                UARTDisable
 .text          0x0000000000003870       0x18 hw_include/libdriver.a(uart_enable_.o)
                0x0000000000003870                UARTEnable
 .text          0x0000000000003888        0x4 hw_include/libdriver.a(uart_intclear_.o)
                0x0000000000003888                UARTIntClear
 .text          0x000000000000388c        0x8 hw_include/libdriver.a(uart_intenable_.o)
                0x000000000000388c                UARTIntEnable
 .text          0x0000000000003894       0x20 hw_include/libdriver.a(uart_intregister_.o)
                0x0000000000003894                UARTIntRegister
 .text          0x00000000000038b4        0xc hw_include/libdriver.a(uart_intstatus_.o)
                0x00000000000038b4                UARTIntStatus
 .text          0x00000000000038c0      0x11c hw_include/libdriver.a(gpio_padconfigset_.o)
                0x00000000000038c0                GPIOPadConfigSet
 .text          0x00000000000039dc        0xc hw_include/libdriver.a(i2c_masterenable_.o)
                0x00000000000039dc                I2CMasterEnable
 .text          0x00000000000039e8       0x3c hw_include/libdriver.a(interrupt_register_.o)
                0x00000000000039e8                IntRegister
 .text          0x0000000000003a24        0x0 hw_include/libdriver.a(interrupt_vtable_.o)
 .text          0x0000000000003a24       0xa8 /usr/lib/gcc/arm-none-eabi/10.3.1/../../../arm-none-eabi/lib/thumb/nofp/libc.a(lib_a-memcpy-stub.o)
                0x0000000000003a24                memcpy
 .text          0x0000000000003acc       0xbc /usr/lib/gcc/arm-none-eabi/10.3.1/../../../arm-none-eabi/lib/thumb/nofp/libc.a(lib_a-memmove.o)
                0x0000000000003acc                memmove
 .text          0x0000000000003b88       0xb0 /usr/lib/gcc/arm-none-eabi/10.3.1/../../../arm-none-eabi/lib/thumb/nofp/libc.a(lib_a-memset.o)
                0x0000000000003b88                memset
 *(.rodata*)
 .rodata.str1.4
                0x0000000000003c38       0xec gcc/main.o
 .rodata        0x0000000000003d24       0x14 gcc/main.o
 .rodata.str1.4
                0x0000000000003d38        0x5 gcc/tasks.o
 *fill*         0x0000000000003d3d        0x3 
 .rodata.str1.4
                0x0000000000003d40       0x30 gcc/BlockQ.o
 .rodata.str1.4
                0x0000000000003d70       0x10 gcc/PollQ.o
 .rodata.str1.4
                0x0000000000003d80        0x8 gcc/integer.o
 .rodata.str1.4
                0x0000000000003d88       0x20 gcc/semtest.o
 .rodata        0x0000000000003da8      0x25d gcc/osram96x16.o
 *fill*         0x0000000000004005        0x3 
 .rodata        0x0000000000004008        0xc hw_include/libdriver.a(sysctl_pulrcgcregs_.o)
                0x0000000000004008                g_pulRCGCRegs
 .rodata        0x0000000000004014       0x30 hw_include/libdriver.a(sysctl_pulxtals_.o)
                0x0000000000004014                g_pulXtals
                0x0000000000004044                _etext = .

.glue_7         0x0000000000004044        0x0
 .glue_7        0x0000000000004044        0x0 linker stubs

.glue_7t        0x0000000000004044        0x0
 .glue_7t       0x0000000000004044        0x0 linker stubs

.vfp11_veneer   0x0000000000004044        0x0
 .vfp11_veneer  0x0000000000004044        0x0 linker stubs

.v4_bx          0x0000000000004044        0x0
 .v4_bx         0x0000000000004044        0x0 linker stubs

.iplt           0x0000000000004044        0x0
 .iplt          0x0000000000004044        0x0 gcc/startup.o

.rel.dyn        0x0000000000004044        0x0
 .rel.iplt      0x0000000000004044        0x0 gcc/startup.o

.data           0x0000000020000000       0xc0 load address 0x0000000000004044
                0x0000000020000000                _data = .
 *(vtable)
 vtable         0x0000000020000000       0xb8 hw_include/libdriver.a(interrupt_vtable_.o)
                0x0000000020000000                g_pfnRAMVectors
 *(.data)
 .data          0x00000000200000b8        0x0 gcc/startup.o
 .data          0x00000000200000b8        0x0 gcc/main.o
 .data          0x00000000200000b8        0x0 gcc/list.o
 .data          0x00000000200000b8        0x0 gcc/queue.o
 .data          0x00000000200000b8        0x4 gcc/tasks.o
                0x00000000200000b8                uxTopUsedPriority
 .data          0x00000000200000bc        0x4 gcc/port.o
 .data          0x00000000200000c0        0x0 gcc/heap_1.o
 .data          0x00000000200000c0        0x0 gcc/BlockQ.o
 .data          0x00000000200000c0        0x0 gcc/PollQ.o
 .data          0x00000000200000c0        0x0 gcc/integer.o
 .data          0x00000000200000c0        0x0 gcc/semtest.o
 .data          0x00000000200000c0        0x0 gcc/osram96x16.o
 .data          0x00000000200000c0        0x0 hw_include/libdriver.a(gpio_dirmodeset_.o)
 .data          0x00000000200000c0        0x0 hw_include/libdriver.a(gpio_pintypei2c_.o)
 .data          0x00000000200000c0        0x0 hw_include/libdriver.a(i2c_mastercontrol_.o)
 .data          0x00000000200000c0        0x0 hw_include/libdriver.a(i2c_masterdataput_.o)
 .data          0x00000000200000c0        0x0 hw_include/libdriver.a(i2c_masterinit_.o)
 .data          0x00000000200000c0        0x0 hw_include/libdriver.a(i2c_masterintstatus_.o)
 .data          0x00000000200000c0        0x0 hw_include/libdriver.a(i2c_masterslaveaddrset_.o)
 .data          0x00000000200000c0        0x0 hw_include/libdriver.a(interrupt_enable_.o)
 .data          0x00000000200000c0        0x0 hw_include/libdriver.a(sysctl_clockget_.o)
 .data          0x00000000200000c0        0x0 hw_include/libdriver.a(sysctl_clockset_.o)
 .data          0x00000000200000c0        0x0 hw_include/libdriver.a(sysctl_peripheralenable_.o)
 .data          0x00000000200000c0        0x0 hw_include/libdriver.a(sysctl_pulrcgcregs_.o)
 .data          0x00000000200000c0        0x0 hw_include/libdriver.a(sysctl_pulxtals_.o)
 .data          0x00000000200000c0        0x0 hw_include/libdriver.a(timer_configure_.o)
 .data          0x00000000200000c0        0x0 hw_include/libdriver.a(timer_enable_.o)
 .data          0x00000000200000c0        0x0 hw_include/libdriver.a(timer_intclear_.o)
 .data          0x00000000200000c0        0x0 hw_include/libdriver.a(timer_intenable_.o)
 .data          0x00000000200000c0        0x0 hw_include/libdriver.a(timer_intregister_.o)
 .data          0x00000000200000c0        0x0 hw_include/libdriver.a(timer_loadset_.o)
 .data          0x00000000200000c0        0x0 hw_include/libdriver.a(uart_charget_.o)
 .data          0x00000000200000c0        0x0 hw_include/libdriver.a(uart_charput_.o)
 .data          0x00000000200000c0        0x0 hw_include/libdriver.a(uart_configset_.o)
 .data          0x00000000200000c0        0x0 hw_include/libdriver.a(uart_disable_.o)
 .data          0x00000000200000c0        0x0 hw_include/libdriver.a(uart_enable_.o)
 .data          0x00000000200000c0        0x0 hw_include/libdriver.a(uart_intclear_.o)
 .data          0x00000000200000c0        0x0 hw_include/libdriver.a(uart_intenable_.o)
 .data          0x00000000200000c0        0x0 hw_include/libdriver.a(uart_intregister_.o)
 .data          0x00000000200000c0        0x0 hw_include/libdriver.a(uart_intstatus_.o)
 .data          0x00000000200000c0        0x0 hw_include/libdriver.a(gpio_padconfigset_.o)
 .data          0x00000000200000c0        0x0 hw_include/libdriver.a(i2c_masterenable_.o)
 .data          0x00000000200000c0        0x0 hw_include/libdriver.a(interrupt_register_.o)
 .data          0x00000000200000c0        0x0 hw_include/libdriver.a(interrupt_vtable_.o)
 .data          0x00000000200000c0        0x0 /usr/lib/gcc/arm-none-eabi/10.3.1/../../../arm-none-eabi/lib/thumb/nofp/libc.a(lib_a-memcpy-stub.o)
 .data          0x00000000200000c0        0x0 /usr/lib/gcc/arm-none-eabi/10.3.1/../../../arm-none-eabi/lib/thumb/nofp/libc.a(lib_a-memmove.o)
 .data          0x00000000200000c0        0x0 /usr/lib/gcc/arm-none-eabi/10.3.1/../../../arm-none-eabi/lib/thumb/nofp/libc.a(lib_a-memset.o)
                0x00000000200000c0                _edata = .

.igot.plt       0x00000000200000c0        0x0 load address 0x0000000000004104
 .igot.plt      0x00000000200000c0        0x0 gcc/startup.o

.bss            0x00000000200000c0     0x15e4 load address 0x0000000000004104
                0x00000000200000c0                _bss = .
 *(.bss)
 .bss           0x00000000200000c0      0x100 gcc/startup.o
 .bss           0x00000000200001c0       0x14 gcc/main.o
                0x00000000200001c0                xNQueue
                0x00000000200001c4                xTemperatureQueue
                0x00000000200001c8                xFilteredQueue
                0x00000000200001cc                ulHighFrequencyTimerTicks
                0x00000000200001d0                xSeedQueue
 .bss           0x00000000200001d4        0x0 gcc/list.o
 .bss           0x00000000200001d4        0x0 gcc/queue.o
 .bss           0x00000000200001d4       0xf8 gcc/tasks.o
                0x00000000200001d8                pxCurrentTCB
 .bss           0x00000000200002cc        0x0 gcc/port.o
 .bss           0x00000000200002cc     0x1390 gcc/heap_1.o
 .bss           0x000000002000165c       0x1e gcc/BlockQ.o
 *fill*         0x000000002000167a        0x2 
 .bss           0x000000002000167c        0xc gcc/PollQ.o
 .bss           0x0000000020001688        0x4 gcc/integer.o
 .bss           0x000000002000168c       0x14 gcc/semtest.o
 .bss           0x00000000200016a0        0x4 gcc/osram96x16.o
 .bss           0x00000000200016a4        0x0 hw_include/libdriver.a(gpio_dirmodeset_.o)
 .bss           0x00000000200016a4        0x0 hw_include/libdriver.a(gpio_pintypei2c_.o)
 .bss           0x00000000200016a4        0x0 hw_include/libdriver.a(i2c_mastercontrol_.o)
 .bss           0x00000000200016a4        0x0 hw_include/libdriver.a(i2c_masterdataput_.o)
 .bss           0x00000000200016a4        0x0 hw_include/libdriver.a(i2c_masterinit_.o)
 .bss           0x00000000200016a4        0x0 hw_include/libdriver.a(i2c_masterintstatus_.o)
 .bss           0x00000000200016a4        0x0 hw_include/libdriver.a(i2c_masterslaveaddrset_.o)
 .bss           0x00000000200016a4        0x0 hw_include/libdriver.a(interrupt_enable_.o)
 .bss           0x00000000200016a4        0x0 hw_include/libdriver.a(sysctl_clockget_.o)
 .bss           0x00000000200016a4        0x0 hw_include/libdriver.a(sysctl_clockset_.o)
 .bss           0x00000000200016a4        0x0 hw_include/libdriver.a(sysctl_peripheralenable_.o)
 .bss           0x00000000200016a4        0x0 hw_include/libdriver.a(sysctl_pulrcgcregs_.o)
 .bss           0x00000000200016a4        0x0 hw_include/libdriver.a(sysctl_pulxtals_.o)
 .bss           0x00000000200016a4        0x0 hw_include/libdriver.a(timer_configure_.o)
 .bss           0x00000000200016a4        0x0 hw_include/libdriver.a(timer_enable_.o)
 .bss           0x00000000200016a4        0x0 hw_include/libdriver.a(timer_intclear_.o)
 .bss           0x00000000200016a4        0x0 hw_include/libdriver.a(timer_intenable_.o)
 .bss           0x00000000200016a4        0x0 hw_include/libdriver.a(timer_intregister_.o)
 .bss           0x00000000200016a4        0x0 hw_include/libdriver.a(timer_loadset_.o)
 .bss           0x00000000200016a4        0x0 hw_include/libdriver.a(uart_charget_.o)
 .bss           0x00000000200016a4        0x0 hw_include/libdriver.a(uart_charput_.o)
 .bss           0x00000000200016a4        0x0 hw_include/libdriver.a(uart_configset_.o)
 .bss           0x00000000200016a4        0x0 hw_include/libdriver.a(uart_disable_.o)
 .bss           0x00000000200016a4        0x0 hw_include/libdriver.a(uart_enable_.o)
 .bss           0x00000000200016a4        0x0 hw_include/libdriver.a(uart_intclear_.o)
 .bss           0x00000000200016a4        0x0 hw_include/libdriver.a(uart_intenable_.o)
 .bss           0x00000000200016a4        0x0 hw_include/libdriver.a(uart_intregister_.o)
 .bss           0x00000000200016a4        0x0 hw_include/libdriver.a(uart_intstatus_.o)
 .bss           0x00000000200016a4        0x0 hw_include/libdriver.a(gpio_padconfigset_.o)
 .bss           0x00000000200016a4        0x0 hw_include/libdriver.a(i2c_masterenable_.o)
 .bss           0x00000000200016a4        0x0 hw_include/libdriver.a(interrupt_register_.o)
 .bss           0x00000000200016a4        0x0 hw_include/libdriver.a(interrupt_vtable_.o)
 .bss           0x00000000200016a4        0x0 /usr/lib/gcc/arm-none-eabi/10.3.1/../../../arm-none-eabi/lib/thumb/nofp/libc.a(lib_a-memcpy-stub.o)
 .bss           0x00000000200016a4        0x0 /usr/lib/gcc/arm-none-eabi/10.3.1/../../../arm-none-eabi/lib/thumb/nofp/libc.a(lib_a-memmove.o)
 .bss           0x00000000200016a4        0x0 /usr/lib/gcc/arm-none-eabi/10.3.1/../../../arm-none-eabi/lib/thumb/nofp/libc.a(lib_a-memset.o)
 *(COMMON)
                0x00000000200016a4                _ebss = .
LOAD gcc/startup.o
LOAD gcc/main.o
LOAD gcc/list.o
LOAD gcc/queue.o
LOAD gcc/tasks.o
LOAD gcc/port.o
LOAD gcc/heap_1.o
LOAD gcc/BlockQ.o
LOAD gcc/PollQ.o
LOAD gcc/integer.o
LOAD gcc/semtest.o
LOAD gcc/osram96x16.o
LOAD hw_include/libdriver.a
LOAD /usr/lib/gcc/arm-none-eabi/10.3.1/../../../arm-none-eabi/lib/thumb/nofp/libc.a
LOAD /usr/lib/gcc/arm-none-eabi/10.3.1/thumb/nofp/libgcc.a
OUTPUT(gcc/RTOSDemo.axf elf32-littlearm)
LOAD linker stubs

.comment        0x0000000000000000      0x473
 .comment       0x0000000000000000       0x33 gcc/startup.o
                                         0x34 (size before relaxing)
 .comment       0x0000000000000033       0x34 gcc/main.o
 .comment       0x0000000000000033       0x34 gcc/list.o
 .comment       0x0000000000000033       0x34 gcc/queue.o
 .comment       0x0000000000000033       0x34 gcc/tasks.o
 .comment       0x0000000000000033       0x34 gcc/port.o
 .comment       0x0000000000000033       0x34 gcc/heap_1.o
 .comment       0x0000000000000033       0x34 gcc/BlockQ.o
 .comment       0x0000000000000033       0x34 gcc/PollQ.o
 .comment       0x0000000000000033       0x34 gcc/integer.o
 .comment       0x0000000000000033       0x34 gcc/semtest.o
 .comment       0x0000000000000033       0x34 gcc/osram96x16.o
 .comment       0x0000000000000033       0x22 hw_include/libdriver.a(gpio_dirmodeset_.o)
 .comment       0x0000000000000055       0x22 hw_include/libdriver.a(gpio_pintypei2c_.o)
 .comment       0x0000000000000077       0x22 hw_include/libdriver.a(i2c_mastercontrol_.o)
 .comment       0x0000000000000099       0x22 hw_include/libdriver.a(i2c_masterdataput_.o)
 .comment       0x00000000000000bb       0x22 hw_include/libdriver.a(i2c_masterinit_.o)
 .comment       0x00000000000000dd       0x22 hw_include/libdriver.a(i2c_masterintstatus_.o)
 .comment       0x00000000000000ff       0x22 hw_include/libdriver.a(i2c_masterslaveaddrset_.o)
 .comment       0x0000000000000121       0x22 hw_include/libdriver.a(interrupt_enable_.o)
 .comment       0x0000000000000143       0x22 hw_include/libdriver.a(sysctl_clockget_.o)
 .comment       0x0000000000000165       0x22 hw_include/libdriver.a(sysctl_clockset_.o)
 .comment       0x0000000000000187       0x22 hw_include/libdriver.a(sysctl_peripheralenable_.o)
 .comment       0x00000000000001a9       0x22 hw_include/libdriver.a(sysctl_pulrcgcregs_.o)
 .comment       0x00000000000001cb       0x22 hw_include/libdriver.a(sysctl_pulxtals_.o)
 .comment       0x00000000000001ed       0x22 hw_include/libdriver.a(timer_configure_.o)
 .comment       0x000000000000020f       0x22 hw_include/libdriver.a(timer_enable_.o)
 .comment       0x0000000000000231       0x22 hw_include/libdriver.a(timer_intclear_.o)
 .comment       0x0000000000000253       0x22 hw_include/libdriver.a(timer_intenable_.o)
 .comment       0x0000000000000275       0x22 hw_include/libdriver.a(timer_intregister_.o)
 .comment       0x0000000000000297       0x22 hw_include/libdriver.a(timer_loadset_.o)
 .comment       0x00000000000002b9       0x22 hw_include/libdriver.a(uart_charget_.o)
 .comment       0x00000000000002db       0x22 hw_include/libdriver.a(uart_charput_.o)
 .comment       0x00000000000002fd       0x22 hw_include/libdriver.a(uart_configset_.o)
 .comment       0x000000000000031f       0x22 hw_include/libdriver.a(uart_disable_.o)
 .comment       0x0000000000000341       0x22 hw_include/libdriver.a(uart_enable_.o)
 .comment       0x0000000000000363       0x22 hw_include/libdriver.a(uart_intclear_.o)
 .comment       0x0000000000000385       0x22 hw_include/libdriver.a(uart_intenable_.o)
 .comment       0x00000000000003a7       0x22 hw_include/libdriver.a(uart_intregister_.o)
 .comment       0x00000000000003c9       0x22 hw_include/libdriver.a(uart_intstatus_.o)
 .comment       0x00000000000003eb       0x22 hw_include/libdriver.a(gpio_padconfigset_.o)
 .comment       0x000000000000040d       0x22 hw_include/libdriver.a(i2c_masterenable_.o)
 .comment       0x000000000000042f       0x22 hw_include/libdriver.a(interrupt_register_.o)
 .comment       0x0000000000000451       0x22 hw_include/libdriver.a(interrupt_vtable_.o)
 .comment       0x0000000000000473       0x34 /usr/lib/gcc/arm-none-eabi/10.3.1/../../../arm-none-eabi/lib/thumb/nofp/libc.a(lib_a-memcpy-stub.o)
 .comment       0x0000000000000473       0x34 /usr/lib/gcc/arm-none-eabi/10.3.1/../../../arm-none-eabi/lib/thumb/nofp/libc.a(lib_a-memmove.o)
 .comment       0x0000000000000473       0x34 /usr/lib/gcc/arm-none-eabi/10.3.1/../../../arm-none-eabi/lib/thumb/nofp/libc.a(lib_a-memset.o)

.ARM.attributes
                0x0000000000000000       0x2f
 .ARM.attributes
                0x0000000000000000       0x2d gcc/startup.o
 .ARM.attributes
                0x000000000000002d       0x2d gcc/main.o
 .ARM.attributes
                0x000000000000005a       0x2d gcc/list.o
 .ARM.attributes
                0x0000000000000087       0x2d gcc/queue.o
 .ARM.attributes
                0x00000000000000b4       0x2d gcc/tasks.o
 .ARM.attributes
                0x00000000000000e1       0x2d gcc/port.o
 .ARM.attributes
                0x000000000000010e       0x2d gcc/heap_1.o
 .ARM.attributes
                0x000000000000013b       0x2d gcc/BlockQ.o
 .ARM.attributes
                0x0000000000000168       0x2d gcc/PollQ.o
 .ARM.attributes
                0x0000000000000195       0x2d gcc/integer.o
 .ARM.attributes
                0x00000000000001c2       0x2d gcc/semtest.o
 .ARM.attributes
                0x00000000000001ef       0x2d gcc/osram96x16.o
 .ARM.attributes
                0x000000000000021c       0x31 hw_include/libdriver.a(gpio_dirmodeset_.o)
 .ARM.attributes
                0x000000000000024d       0x31 hw_include/libdriver.a(gpio_pintypei2c_.o)
 .ARM.attributes
                0x000000000000027e       0x31 hw_include/libdriver.a(i2c_mastercontrol_.o)
 .ARM.attributes
                0x00000000000002af       0x31 hw_include/libdriver.a(i2c_masterdataput_.o)
 .ARM.attributes
                0x00000000000002e0       0x31 hw_include/libdriver.a(i2c_masterinit_.o)
 .ARM.attributes
                0x0000000000000311       0x31 hw_include/libdriver.a(i2c_masterintstatus_.o)
 .ARM.attributes
                0x0000000000000342       0x31 hw_include/libdriver.a(i2c_masterslaveaddrset_.o)
 .ARM.attributes
                0x0000000000000373       0x31 hw_include/libdriver.a(interrupt_enable_.o)
 .ARM.attributes
                0x00000000000003a4       0x31 hw_include/libdriver.a(sysctl_clockget_.o)
 .ARM.attributes
                0x00000000000003d5       0x31 hw_include/libdriver.a(sysctl_clockset_.o)
 .ARM.attributes
                0x0000000000000406       0x31 hw_include/libdriver.a(sysctl_peripheralenable_.o)
 .ARM.attributes
                0x0000000000000437       0x2f hw_include/libdriver.a(sysctl_pulrcgcregs_.o)
 .ARM.attributes
                0x0000000000000466       0x2f hw_include/libdriver.a(sysctl_pulxtals_.o)
 .ARM.attributes
                0x0000000000000495       0x31 hw_include/libdriver.a(timer_configure_.o)
 .ARM.attributes
                0x00000000000004c6       0x31 hw_include/libdriver.a(timer_enable_.o)
 .ARM.attributes
                0x00000000000004f7       0x31 hw_include/libdriver.a(timer_intclear_.o)
 .ARM.attributes
                0x0000000000000528       0x31 hw_include/libdriver.a(timer_intenable_.o)
 .ARM.attributes
                0x0000000000000559       0x31 hw_include/libdriver.a(timer_intregister_.o)
 .ARM.attributes
                0x000000000000058a       0x31 hw_include/libdriver.a(timer_loadset_.o)
 .ARM.attributes
                0x00000000000005bb       0x31 hw_include/libdriver.a(uart_charget_.o)
 .ARM.attributes
                0x00000000000005ec       0x31 hw_include/libdriver.a(uart_charput_.o)
 .ARM.attributes
                0x000000000000061d       0x31 hw_include/libdriver.a(uart_configset_.o)
 .ARM.attributes
                0x000000000000064e       0x31 hw_include/libdriver.a(uart_disable_.o)
 .ARM.attributes
                0x000000000000067f       0x31 hw_include/libdriver.a(uart_enable_.o)
 .ARM.attributes
                0x00000000000006b0       0x31 hw_include/libdriver.a(uart_intclear_.o)
 .ARM.attributes
                0x00000000000006e1       0x31 hw_include/libdriver.a(uart_intenable_.o)
 .ARM.attributes
                0x0000000000000712       0x31 hw_include/libdriver.a(uart_intregister_.o)
 .ARM.attributes
                0x0000000000000743       0x31 hw_include/libdriver.a(uart_intstatus_.o)
 .ARM.attributes
                0x0000000000000774       0x31 hw_include/libdriver.a(gpio_padconfigset_.o)
 .ARM.attributes
                0x00000000000007a5       0x31 hw_include/libdriver.a(i2c_masterenable_.o)
 .ARM.attributes
                0x00000000000007d6       0x31 hw_include/libdriver.a(interrupt_register_.o)
 .ARM.attributes
                0x0000000000000807       0x2f hw_include/libdriver.a(interrupt_vtable_.o)
 .ARM.attributes
                0x0000000000000836       0x2a /usr/lib/gcc/arm-none-eabi/10.3.1/../../../arm-none-eabi/lib/thumb/nofp/libc.a(lib_a-memcpy-stub.o)
 .ARM.attributes
                0x0000000000000860       0x2a /usr/lib/gcc/arm-none-eabi/10.3.1/../../../arm-none-eabi/lib/thumb/nofp/libc.a(lib_a-memmove.o)
 .ARM.attributes
                0x000000000000088a       0x2a /usr/lib/gcc/arm-none-eabi/10.3.1/../../../arm-none-eabi/lib/thumb/nofp/libc.a(lib_a-memset.o)

.debug_info     0x0000000000000000      0x3eb
 .debug_info    0x0000000000000000      0x15c /usr/lib/gcc/arm-none-eabi/10.3.1/../../../arm-none-eabi/lib/thumb/nofp/libc.a(lib_a-memcpy-stub.o)
 .debug_info    0x000000000000015c      0x152 /usr/lib/gcc/arm-none-eabi/10.3.1/../../../arm-none-eabi/lib/thumb/nofp/libc.a(lib_a-memmove.o)
 .debug_info    0x00000000000002ae      0x13d /usr/lib/gcc/arm-none-eabi/10.3.1/../../../arm-none-eabi/lib/thumb/nofp/libc.a(lib_a-memset.o)

.debug_abbrev   0x0000000000000000      0x23b
 .debug_abbrev  0x0000000000000000       0xc7 /usr/lib/gcc/arm-none-eabi/10.3.1/../../../arm-none-eabi/lib/thumb/nofp/libc.a(lib_a-memcpy-stub.o)
 .debug_abbrev  0x00000000000000c7       0xc0 /usr/lib/gcc/arm-none-eabi/10.3.1/../../../arm-none-eabi/lib/thumb/nofp/libc.a(lib_a-memmove.o)
 .debug_abbrev  0x0000000000000187       0xb4 /usr/lib/gcc/arm-none-eabi/10.3.1/../../../arm-none-eabi/lib/thumb/nofp/libc.a(lib_a-memset.o)

.debug_loc      0x0000000000000000      0xc2c
 .debug_loc     0x0000000000000000      0x46c /usr/lib/gcc/arm-none-eabi/10.3.1/../../../arm-none-eabi/lib/thumb/nofp/libc.a(lib_a-memcpy-stub.o)
 .debug_loc     0x000000000000046c      0x51d /usr/lib/gcc/arm-none-eabi/10.3.1/../../../arm-none-eabi/lib/thumb/nofp/libc.a(lib_a-memmove.o)
 .debug_loc     0x0000000000000989      0x2a3 /usr/lib/gcc/arm-none-eabi/10.3.1/../../../arm-none-eabi/lib/thumb/nofp/libc.a(lib_a-memset.o)

.debug_aranges  0x0000000000000000       0x60
 .debug_aranges
                0x0000000000000000       0x20 /usr/lib/gcc/arm-none-eabi/10.3.1/../../../arm-none-eabi/lib/thumb/nofp/libc.a(lib_a-memcpy-stub.o)
 .debug_aranges
                0x0000000000000020       0x20 /usr/lib/gcc/arm-none-eabi/10.3.1/../../../arm-none-eabi/lib/thumb/nofp/libc.a(lib_a-memmove.o)
 .debug_aranges
                0x0000000000000040       0x20 /usr/lib/gcc/arm-none-eabi/10.3.1/../../../arm-none-eabi/lib/thumb/nofp/libc.a(lib_a-memset.o)

.debug_line     0x0000000000000000      0x557
 .debug_line    0x0000000000000000      0x1ad /usr/lib/gcc/arm-none-eabi/10.3.1/../../../arm-none-eabi/lib/thumb/nofp/libc.a(lib_a-memcpy-stub.o)
 .debug_line    0x00000000000001ad      0x1dc /usr/lib/gcc/arm-none-eabi/10.3.1/../../../arm-none-eabi/lib/thumb/nofp/libc.a(lib_a-memmove.o)
 .debug_line    0x0000000000000389      0x1ce /usr/lib/gcc/arm-none-eabi/10.3.1/../../../arm-none-eabi/lib/thumb/nofp/libc.a(lib_a-memset.o)

.debug_str      0x0000000000000000      0x298
 .debug_str     0x0000000000000000      0x1a5 /usr/lib/gcc/arm-none-eabi/10.3.1/../../../arm-none-eabi/lib/thumb/nofp/libc.a(lib_a-memcpy-stub.o)
                                        0x1de (size before relaxing)
 .debug_str     0x00000000000001a5       0xa7 /usr/lib/gcc/arm-none-eabi/10.3.1/../../../arm-none-eabi/lib/thumb/nofp/libc.a(lib_a-memmove.o)
                                        0x1d8 (size before relaxing)
 .debug_str     0x000000000000024c       0x4c /usr/lib/gcc/arm-none-eabi/10.3.1/../../../arm-none-eabi/lib/thumb/nofp/libc.a(lib_a-memset.o)
                                        0x1b9 (size before relaxing)

.debug_frame    0x0000000000000000       0x98
 .debug_frame   0x0000000000000000       0x34 /usr/lib/gcc/arm-none-eabi/10.3.1/../../../arm-none-eabi/lib/thumb/nofp/libc.a(lib_a-memcpy-stub.o)
 .debug_frame   0x0000000000000034       0x34 /usr/lib/gcc/arm-none-eabi/10.3.1/../../../arm-none-eabi/lib/thumb/nofp/libc.a(lib_a-memmove.o)
 .debug_frame   0x0000000000000068       0x30 /usr/lib/gcc/arm-none-eabi/10.3.1/../../../arm-none-eabi/lib/thumb/nofp/libc.a(lib_a-memset.o)
