Archive member included to satisfy reference by file (symbol)

hw_include/libdriver.a(gpio_dirmodeset_.o)
                              gcc/main.o (GPIODirModeSet)
hw_include/libdriver.a(gpio_pintypei2c_.o)
                              gcc/osram96x16.o (GPIOPinTypeI2C)
hw_include/libdriver.a(i2c_mastercontrol_.o)
                              gcc/osram96x16.o (I2CMasterControl)
hw_include/libdriver.a(i2c_masterdataput_.o)
                              gcc/osram96x16.o (I2CMasterDataPut)
hw_include/libdriver.a(i2c_masterinit_.o)
                              gcc/osram96x16.o (I2CMasterInit)
hw_include/libdriver.a(i2c_masterintstatus_.o)
                              gcc/osram96x16.o (I2CMasterIntStatus)
hw_include/libdriver.a(i2c_masterslaveaddrset_.o)
                              gcc/osram96x16.o (I2CMasterSlaveAddrSet)
hw_include/libdriver.a(interrupt_enable_.o)
                              gcc/main.o (IntEnable)
hw_include/libdriver.a(sysctl_clockget_.o)
                              gcc/main.o (SysCtlClockGet)
hw_include/libdriver.a(sysctl_clockset_.o)
                              gcc/main.o (SysCtlClockSet)
hw_include/libdriver.a(sysctl_peripheralenable_.o)
                              gcc/main.o (SysCtlPeripheralEnable)
hw_include/libdriver.a(sysctl_pulrcgcregs_.o)
                              hw_include/libdriver.a(sysctl_peripheralenable_.o) (g_pulRCGCRegs)
hw_include/libdriver.a(sysctl_pulxtals_.o)
                              hw_include/libdriver.a(sysctl_clockget_.o) (g_pulXtals)
hw_include/libdriver.a(timer_configure_.o)
                              gcc/main.o (TimerConfigure)
hw_include/libdriver.a(timer_enable_.o)
                              gcc/main.o (TimerEnable)
hw_include/libdriver.a(timer_intclear_.o)
                              gcc/main.o (TimerIntClear)
hw_include/libdriver.a(timer_intenable_.o)
                              gcc/main.o (TimerIntEnable)
hw_include/libdriver.a(timer_intregister_.o)
                              gcc/main.o (TimerIntRegister)
hw_include/libdriver.a(timer_loadset_.o)
                              gcc/main.o (TimerLoadSet)
hw_include/libdriver.a(uart_charget_.o)
                              gcc/main.o (UARTCharGet)
hw_include/libdriver.a(uart_charput_.o)
                              gcc/main.o (UARTCharPut)
hw_include/libdriver.a(uart_configset_.o)
                              gcc/main.o (UARTConfigSet)
hw_include/libdriver.a(uart_disable_.o)
                              hw_include/libdriver.a(uart_configset_.o) (UARTDisable)
hw_include/libdriver.a(uart_enable_.o)
                              hw_include/libdriver.a(uart_configset_.o) (UARTEnable)
hw_include/libdriver.a(uart_intclear_.o)
                              gcc/main.o (UARTIntClear)
hw_include/libdriver.a(uart_intenable_.o)
                              gcc/main.o (UARTIntEnable)
hw_include/libdriver.a(uart_intregister_.o)
                              gcc/main.o (UARTIntRegister)
hw_include/libdriver.a(uart_intstatus_.o)
                              gcc/main.o (UARTIntStatus)
hw_include/libdriver.a(gpio_padconfigset_.o)
                              hw_include/libdriver.a(gpio_pintypei2c_.o) (GPIOPadConfigSet)
hw_include/libdriver.a(i2c_masterenable_.o)
                              hw_include/libdriver.a(i2c_masterinit_.o) (I2CMasterEnable)
hw_include/libdriver.a(interrupt_register_.o)
                              hw_include/libdriver.a(timer_intregister_.o) (IntRegister)
hw_include/libdriver.a(interrupt_vtable_.o)
                              hw_include/libdriver.a(interrupt_register_.o) (g_pfnRAMVectors)
/usr/lib/gcc/arm-none-eabi/10.3.1/../../../arm-none-eabi/lib/thumb/nofp/libc.a(lib_a-memcpy-stub.o)
                              gcc/startup.o (memcpy)
/usr/lib/gcc/arm-none-eabi/10.3.1/../../../arm-none-eabi/lib/thumb/nofp/libc.a(lib_a-memmove.o)
                              gcc/main.o (memmove)
/usr/lib/gcc/arm-none-eabi/10.3.1/../../../arm-none-eabi/lib/thumb/nofp/libc.a(lib_a-memset.o)
                              gcc/main.o (memset)

Memory Configuration

Name             Origin             Length             Attributes
FLASH            0x0000000000000000 0x0000000000010000 xr
SRAM             0x0000000020000000 0x0000000000002000 xrw
*default*        0x0000000000000000 0xffffffffffffffff

Linker script and memory map


.text           0x0000000000000000     0x4004
 *(.isr_vector)
 .isr_vector    0x0000000000000000       0xb8 gcc/startup.o
                0x0000000000000000                g_pfnVectors
 *(.text*)
 .text          0x00000000000000b8       0x40 gcc/startup.o
                0x00000000000000c4                ResetISR
 .text          0x00000000000000f8      0x8dc gcc/main.o
                0x0000000000000198                vUART_ISR
                0x0000000000000200                Timer0IntHandler
                0x0000000000000748                UARTBusy
                0x0000000000000750                my_strlen
                0x0000000000000768                my_itoa
                0x0000000000000778                intToGraph
                0x0000000000000820                padString
                0x0000000000000870                simple_rand
                0x0000000000000900                UARTSend
                0x0000000000000928                UARTSendString
                0x0000000000000950                getTaskStateString
                0x0000000000000968                configureTimerForRunTimeStats
                0x00000000000009c8                getRunTimeCounterValue
 .text.startup  0x00000000000009d4      0x124 gcc/main.o
                0x00000000000009d4                main
 .text          0x0000000000000af8       0x90 gcc/list.o
                0x0000000000000af8                vListInitialise
                0x0000000000000b10                vListInitialiseItem
                0x0000000000000b18                vListInsertEnd
                0x0000000000000b34                vListInsert
                0x0000000000000b64                uxListRemove
 .text          0x0000000000000b88      0x860 gcc/queue.o
                0x0000000000000c74                xQueueGenericReset
                0x0000000000000cf8                xQueueGenericCreate
                0x0000000000000d44                xQueueGenericSend
                0x0000000000000e58                xQueueGenericSendFromISR
                0x0000000000000ed8                xQueueGiveFromISR
                0x0000000000000f54                xQueueReceive
                0x000000000000107c                xQueueSemaphoreTake
                0x000000000000118c                xQueuePeek
                0x00000000000012ac                xQueueReceiveFromISR
                0x0000000000001340                xQueuePeekFromISR
                0x0000000000001388                uxQueueMessagesWaiting
                0x000000000000139c                uxQueueSpacesAvailable
                0x00000000000013b4                uxQueueMessagesWaitingFromISR
                0x00000000000013b8                vQueueDelete
                0x00000000000013bc                uxQueueGetQueueNumber
                0x00000000000013c0                vQueueSetQueueNumber
                0x00000000000013c4                ucQueueGetQueueType
                0x00000000000013cc                xQueueIsQueueEmptyFromISR
                0x00000000000013d8                xQueueIsQueueFullFromISR
 .text          0x00000000000013e8     0x1238 gcc/tasks.o
                0x0000000000001620                xTaskCreate
                0x00000000000017c8                vTaskDelete
                0x000000000000188c                eTaskGetState
                0x00000000000018d0                vTaskStartScheduler
                0x0000000000001938                vTaskEndScheduler
                0x0000000000001958                vTaskSuspendAll
                0x000000000000196c                xTaskResumeAll
                0x0000000000001ab4                xTaskDelayUntil
                0x0000000000001b0c                vTaskDelay
                0x0000000000001b44                xTaskGetTickCount
                0x0000000000001b50                xTaskGetTickCountFromISR
                0x0000000000001b5c                uxTaskGetNumberOfTasks
                0x0000000000001b68                pcTaskGetName
                0x0000000000001b7c                xTaskGetHandle
                0x0000000000001c00                xTaskCatchUpTicks
                0x0000000000001c30                xTaskIncrementTick
                0x0000000000001c4c                vTaskSwitchContext
                0x0000000000001cd4                vTaskPlaceOnEventList
                0x0000000000001cf0                vTaskPlaceOnUnorderedEventList
                0x0000000000001d3c                xTaskRemoveFromEventList
                0x0000000000001e04                vTaskRemoveFromUnorderedEventList
                0x0000000000001e98                vTaskSetTimeOutState
                0x0000000000001eb8                vTaskInternalSetTimeOutState
                0x0000000000001ec8                xTaskCheckForTimeOut
                0x0000000000001f18                vTaskMissedYield
                0x0000000000001f28                uxTaskGetTaskNumber
                0x0000000000001f30                vTaskSetTaskNumber
                0x0000000000001f38                vTaskGetInfo
                0x0000000000002040                uxTaskGetSystemState
                0x0000000000002100                uxTaskGetStackHighWaterMark
                0x0000000000002134                xTaskGetCurrentTaskHandle
                0x0000000000002140                uxTaskResetEventItemValue
                0x0000000000002158                ulTaskGenericNotifyTake
                0x00000000000021e8                xTaskGenericNotifyWait
                0x0000000000002290                xTaskGenericNotify
                0x0000000000002390                xTaskGenericNotifyFromISR
                0x00000000000024d0                vTaskGenericNotifyGiveFromISR
                0x00000000000025bc                xTaskGenericNotifyStateClear
                0x00000000000025f0                ulTaskGenericNotifyValueClear
 .text          0x0000000000002620      0x1ac gcc/port.o
                0x0000000000002660                pxPortInitialiseStack
                0x0000000000002684                vPortSVCHandler
                0x00000000000026b4                vPortEndScheduler
                0x00000000000026b8                vPortEnterCritical
                0x00000000000026d8                vPortExitCritical
                0x00000000000026ec                xPortPendSVHandler
                0x0000000000002734                xPortSysTickHandler
                0x0000000000002760                vPortSetupTimerInterrupt
                0x0000000000002778                xPortStartScheduler
 .text          0x00000000000027cc       0x8c gcc/heap_1.o
                0x00000000000027cc                pvPortMalloc
                0x0000000000002838                vPortFree
                0x000000000000283c                vPortInitialiseBlocks
                0x0000000000002848                xPortGetFreeHeapSize
 .text          0x0000000000002858      0x200 gcc/BlockQ.o
                0x00000000000028d0                vStartBlockingQueueTasks
                0x0000000000002a0c                xAreBlockingQueuesStillRunning
 .text          0x0000000000002a58      0x128 gcc/PollQ.o
                0x0000000000002b10                vStartPolledQueueTasks
                0x0000000000002b64                xArePollingQueuesStillRunning
 .text          0x0000000000002b80       0x9c gcc/integer.o
                0x0000000000002be0                vStartIntegerMathTasks
                0x0000000000002c08                xAreIntegerMathsTaskStillRunning
 .text          0x0000000000002c1c      0x1d8 gcc/semtest.o
                0x0000000000002cec                vStartSemaphoreTasks
                0x0000000000002dc0                xAreSemaphoreTasksStillRunning
 .text          0x0000000000002df4      0x688 gcc/osram96x16.o
                0x0000000000002e84                OSRAMClear
                0x0000000000002f8c                OSRAMStringDraw
                0x0000000000003170                OSRAMImageDraw
                0x00000000000032c0                OSRAMInit
                0x000000000000335c                OSRAMDisplayOn
                0x00000000000033bc                OSRAMDisplayOff
 .text          0x000000000000347c       0x48 hw_include/libdriver.a(gpio_dirmodeset_.o)
                0x000000000000347c                GPIODirModeSet
 .text          0x00000000000034c4       0x20 hw_include/libdriver.a(gpio_pintypei2c_.o)
                0x00000000000034c4                GPIOPinTypeI2C
 .text          0x00000000000034e4        0x4 hw_include/libdriver.a(i2c_mastercontrol_.o)
                0x00000000000034e4                I2CMasterControl
 .text          0x00000000000034e8        0x4 hw_include/libdriver.a(i2c_masterdataput_.o)
                0x00000000000034e8                I2CMasterDataPut
 .text          0x00000000000034ec       0x34 hw_include/libdriver.a(i2c_masterinit_.o)
                0x00000000000034ec                I2CMasterInit
 .text          0x0000000000003520       0x18 hw_include/libdriver.a(i2c_masterintstatus_.o)
                0x0000000000003520                I2CMasterIntStatus
 .text          0x0000000000003538        0x8 hw_include/libdriver.a(i2c_masterslaveaddrset_.o)
                0x0000000000003538                I2CMasterSlaveAddrSet
 .text          0x0000000000003540       0x5c hw_include/libdriver.a(interrupt_enable_.o)
                0x0000000000003540                IntEnable
 .text          0x000000000000359c       0x90 hw_include/libdriver.a(sysctl_clockget_.o)
                0x000000000000359c                SysCtlClockGet
 .text          0x000000000000362c       0xcc hw_include/libdriver.a(sysctl_clockset_.o)
                0x000000000000362c                SysCtlClockSet
 .text          0x00000000000036f8       0x1c hw_include/libdriver.a(sysctl_peripheralenable_.o)
                0x00000000000036f8                SysCtlPeripheralEnable
 .text          0x0000000000003714        0x0 hw_include/libdriver.a(sysctl_pulrcgcregs_.o)
 .text          0x0000000000003714        0x0 hw_include/libdriver.a(sysctl_pulxtals_.o)
 .text          0x0000000000003714       0x20 hw_include/libdriver.a(timer_configure_.o)
                0x0000000000003714                TimerConfigure
 .text          0x0000000000003734       0x10 hw_include/libdriver.a(timer_enable_.o)
                0x0000000000003734                TimerEnable
 .text          0x0000000000003744        0x4 hw_include/libdriver.a(timer_intclear_.o)
                0x0000000000003744                TimerIntClear
 .text          0x0000000000003748        0x8 hw_include/libdriver.a(timer_intenable_.o)
                0x0000000000003748                TimerIntEnable
 .text          0x0000000000003750       0x50 hw_include/libdriver.a(timer_intregister_.o)
                0x0000000000003750                TimerIntRegister
 .text          0x00000000000037a0       0x14 hw_include/libdriver.a(timer_loadset_.o)
                0x00000000000037a0                TimerLoadSet
 .text          0x00000000000037b4       0x10 hw_include/libdriver.a(uart_charget_.o)
                0x00000000000037b4                UARTCharGet
 .text          0x00000000000037c4       0x10 hw_include/libdriver.a(uart_charput_.o)
                0x00000000000037c4                UARTCharPut
 .text          0x00000000000037d4       0x38 hw_include/libdriver.a(uart_configset_.o)
                0x00000000000037d4                UARTConfigSet
 .text          0x000000000000380c       0x24 hw_include/libdriver.a(uart_disable_.o)
                0x000000000000380c                UARTDisable
 .text          0x0000000000003830       0x18 hw_include/libdriver.a(uart_enable_.o)
                0x0000000000003830                UARTEnable
 .text          0x0000000000003848        0x4 hw_include/libdriver.a(uart_intclear_.o)
                0x0000000000003848                UARTIntClear
 .text          0x000000000000384c        0x8 hw_include/libdriver.a(uart_intenable_.o)
                0x000000000000384c                UARTIntEnable
 .text          0x0000000000003854       0x20 hw_include/libdriver.a(uart_intregister_.o)
                0x0000000000003854                UARTIntRegister
 .text          0x0000000000003874        0xc hw_include/libdriver.a(uart_intstatus_.o)
                0x0000000000003874                UARTIntStatus
 .text          0x0000000000003880      0x11c hw_include/libdriver.a(gpio_padconfigset_.o)
                0x0000000000003880                GPIOPadConfigSet
 .text          0x000000000000399c        0xc hw_include/libdriver.a(i2c_masterenable_.o)
                0x000000000000399c                I2CMasterEnable
 .text          0x00000000000039a8       0x3c hw_include/libdriver.a(interrupt_register_.o)
                0x00000000000039a8                IntRegister
 .text          0x00000000000039e4        0x0 hw_include/libdriver.a(interrupt_vtable_.o)
 .text          0x00000000000039e4       0xa8 /usr/lib/gcc/arm-none-eabi/10.3.1/../../../arm-none-eabi/lib/thumb/nofp/libc.a(lib_a-memcpy-stub.o)
                0x00000000000039e4                memcpy
 .text          0x0000000000003a8c       0xbc /usr/lib/gcc/arm-none-eabi/10.3.1/../../../arm-none-eabi/lib/thumb/nofp/libc.a(lib_a-memmove.o)
                0x0000000000003a8c                memmove
 .text          0x0000000000003b48       0xb0 /usr/lib/gcc/arm-none-eabi/10.3.1/../../../arm-none-eabi/lib/thumb/nofp/libc.a(lib_a-memset.o)
                0x0000000000003b48                memset
 *(.rodata*)
 .rodata.str1.4
                0x0000000000003bf8       0xec gcc/main.o
 .rodata        0x0000000000003ce4       0x14 gcc/main.o
 .rodata.str1.4
                0x0000000000003cf8        0x5 gcc/tasks.o
 *fill*         0x0000000000003cfd        0x3 
 .rodata.str1.4
                0x0000000000003d00       0x30 gcc/BlockQ.o
 .rodata.str1.4
                0x0000000000003d30       0x10 gcc/PollQ.o
 .rodata.str1.4
                0x0000000000003d40        0x8 gcc/integer.o
 .rodata.str1.4
                0x0000000000003d48       0x20 gcc/semtest.o
 .rodata        0x0000000000003d68      0x25d gcc/osram96x16.o
 *fill*         0x0000000000003fc5        0x3 
 .rodata        0x0000000000003fc8        0xc hw_include/libdriver.a(sysctl_pulrcgcregs_.o)
                0x0000000000003fc8                g_pulRCGCRegs
 .rodata        0x0000000000003fd4       0x30 hw_include/libdriver.a(sysctl_pulxtals_.o)
                0x0000000000003fd4                g_pulXtals
                0x0000000000004004                _etext = .

.glue_7         0x0000000000004004        0x0
 .glue_7        0x0000000000004004        0x0 linker stubs

.glue_7t        0x0000000000004004        0x0
 .glue_7t       0x0000000000004004        0x0 linker stubs

.vfp11_veneer   0x0000000000004004        0x0
 .vfp11_veneer  0x0000000000004004        0x0 linker stubs

.v4_bx          0x0000000000004004        0x0
 .v4_bx         0x0000000000004004        0x0 linker stubs

.iplt           0x0000000000004004        0x0
 .iplt          0x0000000000004004        0x0 gcc/startup.o

.rel.dyn        0x0000000000004004        0x0
 .rel.iplt      0x0000000000004004        0x0 gcc/startup.o

.data           0x0000000020000000       0xc0 load address 0x0000000000004004
                0x0000000020000000                _data = .
 *(vtable)
 vtable         0x0000000020000000       0xb8 hw_include/libdriver.a(interrupt_vtable_.o)
                0x0000000020000000                g_pfnRAMVectors
 *(.data)
 .data          0x00000000200000b8        0x0 gcc/startup.o
 .data          0x00000000200000b8        0x0 gcc/main.o
 .data          0x00000000200000b8        0x0 gcc/list.o
 .data          0x00000000200000b8        0x0 gcc/queue.o
 .data          0x00000000200000b8        0x4 gcc/tasks.o
                0x00000000200000b8                uxTopUsedPriority
 .data          0x00000000200000bc        0x4 gcc/port.o
 .data          0x00000000200000c0        0x0 gcc/heap_1.o
 .data          0x00000000200000c0        0x0 gcc/BlockQ.o
 .data          0x00000000200000c0        0x0 gcc/PollQ.o
 .data          0x00000000200000c0        0x0 gcc/integer.o
 .data          0x00000000200000c0        0x0 gcc/semtest.o
 .data          0x00000000200000c0        0x0 gcc/osram96x16.o
 .data          0x00000000200000c0        0x0 hw_include/libdriver.a(gpio_dirmodeset_.o)
 .data          0x00000000200000c0        0x0 hw_include/libdriver.a(gpio_pintypei2c_.o)
 .data          0x00000000200000c0        0x0 hw_include/libdriver.a(i2c_mastercontrol_.o)
 .data          0x00000000200000c0        0x0 hw_include/libdriver.a(i2c_masterdataput_.o)
 .data          0x00000000200000c0        0x0 hw_include/libdriver.a(i2c_masterinit_.o)
 .data          0x00000000200000c0        0x0 hw_include/libdriver.a(i2c_masterintstatus_.o)
 .data          0x00000000200000c0        0x0 hw_include/libdriver.a(i2c_masterslaveaddrset_.o)
 .data          0x00000000200000c0        0x0 hw_include/libdriver.a(interrupt_enable_.o)
 .data          0x00000000200000c0        0x0 hw_include/libdriver.a(sysctl_clockget_.o)
 .data          0x00000000200000c0        0x0 hw_include/libdriver.a(sysctl_clockset_.o)
 .data          0x00000000200000c0        0x0 hw_include/libdriver.a(sysctl_peripheralenable_.o)
 .data          0x00000000200000c0        0x0 hw_include/libdriver.a(sysctl_pulrcgcregs_.o)
 .data          0x00000000200000c0        0x0 hw_include/libdriver.a(sysctl_pulxtals_.o)
 .data          0x00000000200000c0        0x0 hw_include/libdriver.a(timer_configure_.o)
 .data          0x00000000200000c0        0x0 hw_include/libdriver.a(timer_enable_.o)
 .data          0x00000000200000c0        0x0 hw_include/libdriver.a(timer_intclear_.o)
 .data          0x00000000200000c0        0x0 hw_include/libdriver.a(timer_intenable_.o)
 .data          0x00000000200000c0        0x0 hw_include/libdriver.a(timer_intregister_.o)
 .data          0x00000000200000c0        0x0 hw_include/libdriver.a(timer_loadset_.o)
 .data          0x00000000200000c0        0x0 hw_include/libdriver.a(uart_charget_.o)
 .data          0x00000000200000c0        0x0 hw_include/libdriver.a(uart_charput_.o)
 .data          0x00000000200000c0        0x0 hw_include/libdriver.a(uart_configset_.o)
 .data          0x00000000200000c0        0x0 hw_include/libdriver.a(uart_disable_.o)
 .data          0x00000000200000c0        0x0 hw_include/libdriver.a(uart_enable_.o)
 .data          0x00000000200000c0        0x0 hw_include/libdriver.a(uart_intclear_.o)
 .data          0x00000000200000c0        0x0 hw_include/libdriver.a(uart_intenable_.o)
 .data          0x00000000200000c0        0x0 hw_include/libdriver.a(uart_intregister_.o)
 .data          0x00000000200000c0        0x0 hw_include/libdriver.a(uart_intstatus_.o)
 .data          0x00000000200000c0        0x0 hw_include/libdriver.a(gpio_padconfigset_.o)
 .data          0x00000000200000c0        0x0 hw_include/libdriver.a(i2c_masterenable_.o)
 .data          0x00000000200000c0        0x0 hw_include/libdriver.a(interrupt_register_.o)
 .data          0x00000000200000c0        0x0 hw_include/libdriver.a(interrupt_vtable_.o)
 .data          0x00000000200000c0        0x0 /usr/lib/gcc/arm-none-eabi/10.3.1/../../../arm-none-eabi/lib/thumb/nofp/libc.a(lib_a-memcpy-stub.o)
 .data          0x00000000200000c0        0x0 /usr/lib/gcc/arm-none-eabi/10.3.1/../../../arm-none-eabi/lib/thumb/nofp/libc.a(lib_a-memmove.o)
 .data          0x00000000200000c0        0x0 /usr/lib/gcc/arm-none-eabi/10.3.1/../../../arm-none-eabi/lib/thumb/nofp/libc.a(lib_a-memset.o)
                0x00000000200000c0                _edata = .

.igot.plt       0x00000000200000c0        0x0 load address 0x00000000000040c4
 .igot.plt      0x00000000200000c0        0x0 gcc/startup.o

.bss            0x00000000200000c0     0x15e4 load address 0x00000000000040c4
                0x00000000200000c0                _bss = .
 *(.bss)
 .bss           0x00000000200000c0      0x100 gcc/startup.o
 .bss           0x00000000200001c0       0x14 gcc/main.o
                0x00000000200001c0                xNQueue
                0x00000000200001c4                xTemperatureQueue
                0x00000000200001c8                xFilteredQueue
                0x00000000200001cc                ulHighFrequencyTimerTicks
                0x00000000200001d0                xSeedQueue
 .bss           0x00000000200001d4        0x0 gcc/list.o
 .bss           0x00000000200001d4        0x0 gcc/queue.o
 .bss           0x00000000200001d4       0xf8 gcc/tasks.o
                0x00000000200001d8                pxCurrentTCB
 .bss           0x00000000200002cc        0x0 gcc/port.o
 .bss           0x00000000200002cc     0x1390 gcc/heap_1.o
 .bss           0x000000002000165c       0x1e gcc/BlockQ.o
 *fill*         0x000000002000167a        0x2 
 .bss           0x000000002000167c        0xc gcc/PollQ.o
 .bss           0x0000000020001688        0x4 gcc/integer.o
 .bss           0x000000002000168c       0x14 gcc/semtest.o
 .bss           0x00000000200016a0        0x4 gcc/osram96x16.o
 .bss           0x00000000200016a4        0x0 hw_include/libdriver.a(gpio_dirmodeset_.o)
 .bss           0x00000000200016a4        0x0 hw_include/libdriver.a(gpio_pintypei2c_.o)
 .bss           0x00000000200016a4        0x0 hw_include/libdriver.a(i2c_mastercontrol_.o)
 .bss           0x00000000200016a4        0x0 hw_include/libdriver.a(i2c_masterdataput_.o)
 .bss           0x00000000200016a4        0x0 hw_include/libdriver.a(i2c_masterinit_.o)
 .bss           0x00000000200016a4        0x0 hw_include/libdriver.a(i2c_masterintstatus_.o)
 .bss           0x00000000200016a4        0x0 hw_include/libdriver.a(i2c_masterslaveaddrset_.o)
 .bss           0x00000000200016a4        0x0 hw_include/libdriver.a(interrupt_enable_.o)
 .bss           0x00000000200016a4        0x0 hw_include/libdriver.a(sysctl_clockget_.o)
 .bss           0x00000000200016a4        0x0 hw_include/libdriver.a(sysctl_clockset_.o)
 .bss           0x00000000200016a4        0x0 hw_include/libdriver.a(sysctl_peripheralenable_.o)
 .bss           0x00000000200016a4        0x0 hw_include/libdriver.a(sysctl_pulrcgcregs_.o)
 .bss           0x00000000200016a4        0x0 hw_include/libdriver.a(sysctl_pulxtals_.o)
 .bss           0x00000000200016a4        0x0 hw_include/libdriver.a(timer_configure_.o)
 .bss           0x00000000200016a4        0x0 hw_include/libdriver.a(timer_enable_.o)
 .bss           0x00000000200016a4        0x0 hw_include/libdriver.a(timer_intclear_.o)
 .bss           0x00000000200016a4        0x0 hw_include/libdriver.a(timer_intenable_.o)
 .bss           0x00000000200016a4        0x0 hw_include/libdriver.a(timer_intregister_.o)
 .bss           0x00000000200016a4        0x0 hw_include/libdriver.a(timer_loadset_.o)
 .bss           0x00000000200016a4        0x0 hw_include/libdriver.a(uart_charget_.o)
 .bss           0x00000000200016a4        0x0 hw_include/libdriver.a(uart_charput_.o)
 .bss           0x00000000200016a4        0x0 hw_include/libdriver.a(uart_configset_.o)
 .bss           0x00000000200016a4        0x0 hw_include/libdriver.a(uart_disable_.o)
 .bss           0x00000000200016a4        0x0 hw_include/libdriver.a(uart_enable_.o)
 .bss           0x00000000200016a4        0x0 hw_include/libdriver.a(uart_intclear_.o)
 .bss           0x00000000200016a4        0x0 hw_include/libdriver.a(uart_intenable_.o)
 .bss           0x00000000200016a4        0x0 hw_include/libdriver.a(uart_intregister_.o)
 .bss           0x00000000200016a4        0x0 hw_include/libdriver.a(uart_intstatus_.o)
 .bss           0x00000000200016a4        0x0 hw_include/libdriver.a(gpio_padconfigset_.o)
 .bss           0x00000000200016a4        0x0 hw_include/libdriver.a(i2c_masterenable_.o)
 .bss           0x00000000200016a4        0x0 hw_include/libdriver.a(interrupt_register_.o)
 .bss           0x00000000200016a4        0x0 hw_include/libdriver.a(interrupt_vtable_.o)
 .bss           0x00000000200016a4        0x0 /usr/lib/gcc/arm-none-eabi/10.3.1/../../../arm-none-eabi/lib/thumb/nofp/libc.a(lib_a-memcpy-stub.o)
 .bss           0x00000000200016a4        0x0 /usr/lib/gcc/arm-none-eabi/10.3.1/../../../arm-none-eabi/lib/thumb/nofp/libc.a(lib_a-memmove.o)
 .bss           0x00000000200016a4        0x0 /usr/lib/gcc/arm-none-eabi/10.3.1/../../../arm-none-eabi/lib/thumb/nofp/libc.a(lib_a-memset.o)
 *(COMMON)
                0x00000000200016a4                _ebss = .
LOAD gcc/startup.o
LOAD gcc/main.o
LOAD gcc/list.o
LOAD gcc/queue.o
LOAD gcc/tasks.o
LOAD gcc/port.o
LOAD gcc/heap_1.o
LOAD gcc/BlockQ.o
LOAD gcc/PollQ.o
LOAD gcc/integer.o
LOAD gcc/semtest.o
LOAD gcc/osram96x16.o
LOAD hw_include/libdriver.a
LOAD /usr/lib/gcc/arm-none-eabi/10.3.1/../../../arm-none-eabi/lib/thumb/nofp/libc.a
LOAD /usr/lib/gcc/arm-none-eabi/10.3.1/thumb/nofp/libgcc.a
OUTPUT(gcc/RTOSDemo.axf elf32-littlearm)
LOAD linker stubs

.comment        0x0000000000000000      0x473
 .comment       0x0000000000000000       0x33 gcc/startup.o
                                         0x34 (size before relaxing)
 .comment       0x0000000000000033       0x34 gcc/main.o
 .comment       0x0000000000000033       0x34 gcc/list.o
 .comment       0x0000000000000033       0x34 gcc/queue.o
 .comment       0x0000000000000033       0x34 gcc/tasks.o
 .comment       0x0000000000000033       0x34 gcc/port.o
 .comment       0x0000000000000033       0x34 gcc/heap_1.o
 .comment       0x0000000000000033       0x34 gcc/BlockQ.o
 .comment       0x0000000000000033       0x34 gcc/PollQ.o
 .comment       0x0000000000000033       0x34 gcc/integer.o
 .comment       0x0000000000000033       0x34 gcc/semtest.o
 .comment       0x0000000000000033       0x34 gcc/osram96x16.o
 .comment       0x0000000000000033       0x22 hw_include/libdriver.a(gpio_dirmodeset_.o)
 .comment       0x0000000000000055       0x22 hw_include/libdriver.a(gpio_pintypei2c_.o)
 .comment       0x0000000000000077       0x22 hw_include/libdriver.a(i2c_mastercontrol_.o)
 .comment       0x0000000000000099       0x22 hw_include/libdriver.a(i2c_masterdataput_.o)
 .comment       0x00000000000000bb       0x22 hw_include/libdriver.a(i2c_masterinit_.o)
 .comment       0x00000000000000dd       0x22 hw_include/libdriver.a(i2c_masterintstatus_.o)
 .comment       0x00000000000000ff       0x22 hw_include/libdriver.a(i2c_masterslaveaddrset_.o)
 .comment       0x0000000000000121       0x22 hw_include/libdriver.a(interrupt_enable_.o)
 .comment       0x0000000000000143       0x22 hw_include/libdriver.a(sysctl_clockget_.o)
 .comment       0x0000000000000165       0x22 hw_include/libdriver.a(sysctl_clockset_.o)
 .comment       0x0000000000000187       0x22 hw_include/libdriver.a(sysctl_peripheralenable_.o)
 .comment       0x00000000000001a9       0x22 hw_include/libdriver.a(sysctl_pulrcgcregs_.o)
 .comment       0x00000000000001cb       0x22 hw_include/libdriver.a(sysctl_pulxtals_.o)
 .comment       0x00000000000001ed       0x22 hw_include/libdriver.a(timer_configure_.o)
 .comment       0x000000000000020f       0x22 hw_include/libdriver.a(timer_enable_.o)
 .comment       0x0000000000000231       0x22 hw_include/libdriver.a(timer_intclear_.o)
 .comment       0x0000000000000253       0x22 hw_include/libdriver.a(timer_intenable_.o)
 .comment       0x0000000000000275       0x22 hw_include/libdriver.a(timer_intregister_.o)
 .comment       0x0000000000000297       0x22 hw_include/libdriver.a(timer_loadset_.o)
 .comment       0x00000000000002b9       0x22 hw_include/libdriver.a(uart_charget_.o)
 .comment       0x00000000000002db       0x22 hw_include/libdriver.a(uart_charput_.o)
 .comment       0x00000000000002fd       0x22 hw_include/libdriver.a(uart_configset_.o)
 .comment       0x000000000000031f       0x22 hw_include/libdriver.a(uart_disable_.o)
 .comment       0x0000000000000341       0x22 hw_include/libdriver.a(uart_enable_.o)
 .comment       0x0000000000000363       0x22 hw_include/libdriver.a(uart_intclear_.o)
 .comment       0x0000000000000385       0x22 hw_include/libdriver.a(uart_intenable_.o)
 .comment       0x00000000000003a7       0x22 hw_include/libdriver.a(uart_intregister_.o)
 .comment       0x00000000000003c9       0x22 hw_include/libdriver.a(uart_intstatus_.o)
 .comment       0x00000000000003eb       0x22 hw_include/libdriver.a(gpio_padconfigset_.o)
 .comment       0x000000000000040d       0x22 hw_include/libdriver.a(i2c_masterenable_.o)
 .comment       0x000000000000042f       0x22 hw_include/libdriver.a(interrupt_register_.o)
 .comment       0x0000000000000451       0x22 hw_include/libdriver.a(interrupt_vtable_.o)
 .comment       0x0000000000000473       0x34 /usr/lib/gcc/arm-none-eabi/10.3.1/../../../arm-none-eabi/lib/thumb/nofp/libc.a(lib_a-memcpy-stub.o)
 .comment       0x0000000000000473       0x34 /usr/lib/gcc/arm-none-eabi/10.3.1/../../../arm-none-eabi/lib/thumb/nofp/libc.a(lib_a-memmove.o)
 .comment       0x0000000000000473       0x34 /usr/lib/gcc/arm-none-eabi/10.3.1/../../../arm-none-eabi/lib/thumb/nofp/libc.a(lib_a-memset.o)

.ARM.attributes
                0x0000000000000000       0x2f
 .ARM.attributes
                0x0000000000000000       0x2d gcc/startup.o
 .ARM.attributes
                0x000000000000002d       0x2d gcc/main.o
 .ARM.attributes
                0x000000000000005a       0x2d gcc/list.o
 .ARM.attributes
                0x0000000000000087       0x2d gcc/queue.o
 .ARM.attributes
                0x00000000000000b4       0x2d gcc/tasks.o
 .ARM.attributes
                0x00000000000000e1       0x2d gcc/port.o
 .ARM.attributes
                0x000000000000010e       0x2d gcc/heap_1.o
 .ARM.attributes
                0x000000000000013b       0x2d gcc/BlockQ.o
 .ARM.attributes
                0x0000000000000168       0x2d gcc/PollQ.o
 .ARM.attributes
                0x0000000000000195       0x2d gcc/integer.o
 .ARM.attributes
                0x00000000000001c2       0x2d gcc/semtest.o
 .ARM.attributes
                0x00000000000001ef       0x2d gcc/osram96x16.o
 .ARM.attributes
                0x000000000000021c       0x31 hw_include/libdriver.a(gpio_dirmodeset_.o)
 .ARM.attributes
                0x000000000000024d       0x31 hw_include/libdriver.a(gpio_pintypei2c_.o)
 .ARM.attributes
                0x000000000000027e       0x31 hw_include/libdriver.a(i2c_mastercontrol_.o)
 .ARM.attributes
                0x00000000000002af       0x31 hw_include/libdriver.a(i2c_masterdataput_.o)
 .ARM.attributes
                0x00000000000002e0       0x31 hw_include/libdriver.a(i2c_masterinit_.o)
 .ARM.attributes
                0x0000000000000311       0x31 hw_include/libdriver.a(i2c_masterintstatus_.o)
 .ARM.attributes
                0x0000000000000342       0x31 hw_include/libdriver.a(i2c_masterslaveaddrset_.o)
 .ARM.attributes
                0x0000000000000373       0x31 hw_include/libdriver.a(interrupt_enable_.o)
 .ARM.attributes
                0x00000000000003a4       0x31 hw_include/libdriver.a(sysctl_clockget_.o)
 .ARM.attributes
                0x00000000000003d5       0x31 hw_include/libdriver.a(sysctl_clockset_.o)
 .ARM.attributes
                0x0000000000000406       0x31 hw_include/libdriver.a(sysctl_peripheralenable_.o)
 .ARM.attributes
                0x0000000000000437       0x2f hw_include/libdriver.a(sysctl_pulrcgcregs_.o)
 .ARM.attributes
                0x0000000000000466       0x2f hw_include/libdriver.a(sysctl_pulxtals_.o)
 .ARM.attributes
                0x0000000000000495       0x31 hw_include/libdriver.a(timer_configure_.o)
 .ARM.attributes
                0x00000000000004c6       0x31 hw_include/libdriver.a(timer_enable_.o)
 .ARM.attributes
                0x00000000000004f7       0x31 hw_include/libdriver.a(timer_intclear_.o)
 .ARM.attributes
                0x0000000000000528       0x31 hw_include/libdriver.a(timer_intenable_.o)
 .ARM.attributes
                0x0000000000000559       0x31 hw_include/libdriver.a(timer_intregister_.o)
 .ARM.attributes
                0x000000000000058a       0x31 hw_include/libdriver.a(timer_loadset_.o)
 .ARM.attributes
                0x00000000000005bb       0x31 hw_include/libdriver.a(uart_charget_.o)
 .ARM.attributes
                0x00000000000005ec       0x31 hw_include/libdriver.a(uart_charput_.o)
 .ARM.attributes
                0x000000000000061d       0x31 hw_include/libdriver.a(uart_configset_.o)
 .ARM.attributes
                0x000000000000064e       0x31 hw_include/libdriver.a(uart_disable_.o)
 .ARM.attributes
                0x000000000000067f       0x31 hw_include/libdriver.a(uart_enable_.o)
 .ARM.attributes
                0x00000000000006b0       0x31 hw_include/libdriver.a(uart_intclear_.o)
 .ARM.attributes
                0x00000000000006e1       0x31 hw_include/libdriver.a(uart_intenable_.o)
 .ARM.attributes
                0x0000000000000712       0x31 hw_include/libdriver.a(uart_intregister_.o)
 .ARM.attributes
                0x0000000000000743       0x31 hw_include/libdriver.a(uart_intstatus_.o)
 .ARM.attributes
                0x0000000000000774       0x31 hw_include/libdriver.a(gpio_padconfigset_.o)
 .ARM.attributes
                0x00000000000007a5       0x31 hw_include/libdriver.a(i2c_masterenable_.o)
 .ARM.attributes
                0x00000000000007d6       0x31 hw_include/libdriver.a(interrupt_register_.o)
 .ARM.attributes
                0x0000000000000807       0x2f hw_include/libdriver.a(interrupt_vtable_.o)
 .ARM.attributes
                0x0000000000000836       0x2a /usr/lib/gcc/arm-none-eabi/10.3.1/../../../arm-none-eabi/lib/thumb/nofp/libc.a(lib_a-memcpy-stub.o)
 .ARM.attributes
                0x0000000000000860       0x2a /usr/lib/gcc/arm-none-eabi/10.3.1/../../../arm-none-eabi/lib/thumb/nofp/libc.a(lib_a-memmove.o)
 .ARM.attributes
                0x000000000000088a       0x2a /usr/lib/gcc/arm-none-eabi/10.3.1/../../../arm-none-eabi/lib/thumb/nofp/libc.a(lib_a-memset.o)

.debug_info     0x0000000000000000      0x3eb
 .debug_info    0x0000000000000000      0x15c /usr/lib/gcc/arm-none-eabi/10.3.1/../../../arm-none-eabi/lib/thumb/nofp/libc.a(lib_a-memcpy-stub.o)
 .debug_info    0x000000000000015c      0x152 /usr/lib/gcc/arm-none-eabi/10.3.1/../../../arm-none-eabi/lib/thumb/nofp/libc.a(lib_a-memmove.o)
 .debug_info    0x00000000000002ae      0x13d /usr/lib/gcc/arm-none-eabi/10.3.1/../../../arm-none-eabi/lib/thumb/nofp/libc.a(lib_a-memset.o)

.debug_abbrev   0x0000000000000000      0x23b
 .debug_abbrev  0x0000000000000000       0xc7 /usr/lib/gcc/arm-none-eabi/10.3.1/../../../arm-none-eabi/lib/thumb/nofp/libc.a(lib_a-memcpy-stub.o)
 .debug_abbrev  0x00000000000000c7       0xc0 /usr/lib/gcc/arm-none-eabi/10.3.1/../../../arm-none-eabi/lib/thumb/nofp/libc.a(lib_a-memmove.o)
 .debug_abbrev  0x0000000000000187       0xb4 /usr/lib/gcc/arm-none-eabi/10.3.1/../../../arm-none-eabi/lib/thumb/nofp/libc.a(lib_a-memset.o)

.debug_loc      0x0000000000000000      0xc2c
 .debug_loc     0x0000000000000000      0x46c /usr/lib/gcc/arm-none-eabi/10.3.1/../../../arm-none-eabi/lib/thumb/nofp/libc.a(lib_a-memcpy-stub.o)
 .debug_loc     0x000000000000046c      0x51d /usr/lib/gcc/arm-none-eabi/10.3.1/../../../arm-none-eabi/lib/thumb/nofp/libc.a(lib_a-memmove.o)
 .debug_loc     0x0000000000000989      0x2a3 /usr/lib/gcc/arm-none-eabi/10.3.1/../../../arm-none-eabi/lib/thumb/nofp/libc.a(lib_a-memset.o)

.debug_aranges  0x0000000000000000       0x60
 .debug_aranges
                0x0000000000000000       0x20 /usr/lib/gcc/arm-none-eabi/10.3.1/../../../arm-none-eabi/lib/thumb/nofp/libc.a(lib_a-memcpy-stub.o)
 .debug_aranges
                0x0000000000000020       0x20 /usr/lib/gcc/arm-none-eabi/10.3.1/../../../arm-none-eabi/lib/thumb/nofp/libc.a(lib_a-memmove.o)
 .debug_aranges
                0x0000000000000040       0x20 /usr/lib/gcc/arm-none-eabi/10.3.1/../../../arm-none-eabi/lib/thumb/nofp/libc.a(lib_a-memset.o)

.debug_line     0x0000000000000000      0x557
 .debug_line    0x0000000000000000      0x1ad /usr/lib/gcc/arm-none-eabi/10.3.1/../../../arm-none-eabi/lib/thumb/nofp/libc.a(lib_a-memcpy-stub.o)
 .debug_line    0x00000000000001ad      0x1dc /usr/lib/gcc/arm-none-eabi/10.3.1/../../../arm-none-eabi/lib/thumb/nofp/libc.a(lib_a-memmove.o)
 .debug_line    0x0000000000000389      0x1ce /usr/lib/gcc/arm-none-eabi/10.3.1/../../../arm-none-eabi/lib/thumb/nofp/libc.a(lib_a-memset.o)

.debug_str      0x0000000000000000      0x298
 .debug_str     0x0000000000000000      0x1a5 /usr/lib/gcc/arm-none-eabi/10.3.1/../../../arm-none-eabi/lib/thumb/nofp/libc.a(lib_a-memcpy-stub.o)
                                        0x1de (size before relaxing)
 .debug_str     0x00000000000001a5       0xa7 /usr/lib/gcc/arm-none-eabi/10.3.1/../../../arm-none-eabi/lib/thumb/nofp/libc.a(lib_a-memmove.o)
                                        0x1d8 (size before relaxing)
 .debug_str     0x000000000000024c       0x4c /usr/lib/gcc/arm-none-eabi/10.3.1/../../../arm-none-eabi/lib/thumb/nofp/libc.a(lib_a-memset.o)
                                        0x1b9 (size before relaxing)

.debug_frame    0x0000000000000000       0x98
 .debug_frame   0x0000000000000000       0x34 /usr/lib/gcc/arm-none-eabi/10.3.1/../../../arm-none-eabi/lib/thumb/nofp/libc.a(lib_a-memcpy-stub.o)
 .debug_frame   0x0000000000000034       0x34 /usr/lib/gcc/arm-none-eabi/10.3.1/../../../arm-none-eabi/lib/thumb/nofp/libc.a(lib_a-memmove.o)
 .debug_frame   0x0000000000000068       0x30 /usr/lib/gcc/arm-none-eabi/10.3.1/../../../arm-none-eabi/lib/thumb/nofp/libc.a(lib_a-memset.o)
